// Jest Snapshot v1, https://goo.gl/fbAQLP

exports[`Test Link components render correctly 1`] = `null`;
